[Thu Sep 18 17:28:31 GMT 2025] Request failed. HTTP Status: 401
{"status_code":7,"status_message":"Invalid API key: You must be granted a valid key.","success":false}
